2026-08-25 06:37:02.553: [INFO] CurrentProfilePath: D:\jqtoolsWin1\netsdk\customer-sdk\app\JqTools.CarAdaptive.ClientWpf.exe.WebView2\EBWebView\Default
2026-08-25 06:37:02.553: [INFO] Profiles total count: 1
2026-08-25 06:37:02.553: [INFO] Profile: name=用户配置 1 path=D:\jqtoolsWin1\netsdk\customer-sdk\app\JqTools.CarAdaptive.ClientWpf.exe.WebView2\EBWebView\Default lastActive=null
2026-08-25 06:37:02.553: [INFO] LastUsedProfileDir: D:\jqtoolsWin1\netsdk\customer-sdk\app\JqTools.CarAdaptive.ClientWpf.exe.WebView2\EBWebView\Default
2026-08-25 06:37:02.553: [INFO] OnDoneLoading sync enabled: 0
2026-08-25 06:37:02.553: [INFO] BookmarkModelLoaded, ids_reassigned: 0
2026-08-25 06:37:02.553: [INFO] BookmarksLoadDropped droppedNodes=0
2026-08-25 06:37:02.553: [INFO] BookmarksSnapshot Startup total=0 bar=0 other=0 mobile=0 showBar=0 showBarNTP=1
2026-08-25 06:37:28.524: [INFO] BookmarksSnapshot Shutdown total=0 bar=0 other=0 mobile=0 showBar=0 showBarNTP=1
2026-08-26 08:46:13.201: [INFO] CurrentProfilePath: D:\jqtoolsWin1\netsdk\customer-sdk\app\JqTools.CarAdaptive.ClientWpf.exe.WebView2\EBWebView\Default
2026-08-26 08:46:13.201: [INFO] Profiles total count: 1
2026-08-26 08:46:13.201: [INFO] Profile: name=用户配置 1 path=D:\jqtoolsWin1\netsdk\customer-sdk\app\JqTools.CarAdaptive.ClientWpf.exe.WebView2\EBWebView\Default lastActive=null
2026-08-26 08:46:13.201: [INFO] LastUsedProfileDir: D:\jqtoolsWin1\netsdk\customer-sdk\app\JqTools.CarAdaptive.ClientWpf.exe.WebView2\EBWebView\Default
2026-08-26 08:46:13.201: [INFO] OnDoneLoading sync enabled: 0
2026-08-26 08:46:13.201: [INFO] BookmarkModelLoaded, ids_reassigned: 0
2026-08-26 08:46:13.201: [INFO] BookmarksLoadDropped droppedNodes=0
2026-08-26 08:46:13.201: [INFO] BookmarksSnapshot Startup total=0 bar=0 other=0 mobile=0 showBar=0 showBarNTP=1
2026-08-26 08:50:04.649: [INFO] BookmarksSnapshot Shutdown total=0 bar=0 other=0 mobile=0 showBar=0 showBarNTP=1
2026-08-26 09:15:44.215: [INFO] CurrentProfilePath: D:\jqtoolsWin1\netsdk\customer-sdk\app\JqTools.CarAdaptive.ClientWpf.exe.WebView2\EBWebView\Default
2026-08-26 09:15:44.215: [INFO] Profiles total count: 1
2026-08-26 09:15:44.217: [INFO] Profile: name=用户配置 1 path=D:\jqtoolsWin1\netsdk\customer-sdk\app\JqTools.CarAdaptive.ClientWpf.exe.WebView2\EBWebView\Default lastActive=2026-08-26T08:50:04.536Z
2026-08-26 09:15:44.217: [INFO] LastUsedProfileDir: D:\jqtoolsWin1\netsdk\customer-sdk\app\JqTools.CarAdaptive.ClientWpf.exe.WebView2\EBWebView\Default
2026-08-26 09:15:44.217: [INFO] MostRecentlyActiveProfile: name=用户配置 1 path=D:\jqtoolsWin1\netsdk\customer-sdk\app\JqTools.CarAdaptive.ClientWpf.exe.WebView2\EBWebView\Default lastActive=2026-08-26T08:50:04.536Z
2026-08-26 09:15:44.217: [INFO] OnDoneLoading sync enabled: 0
2026-08-26 09:15:44.217: [INFO] BookmarkModelLoaded, ids_reassigned: 0
2026-08-26 09:15:44.217: [INFO] BookmarksLoadDropped droppedNodes=0
2026-08-26 09:15:44.217: [INFO] BookmarksSnapshot Startup total=0 bar=0 other=0 mobile=0 showBar=0 showBarNTP=1
2026-08-26 09:38:19.817: [INFO] BookmarksSnapshot Shutdown total=0 bar=0 other=0 mobile=0 showBar=0 showBarNTP=1
