[real-service] backend root: D:\jqtoolsWin1\netsdk\customer-sdk\real-backend
[real-service] HTTP: http://127.0.0.1:19450
[real-service] WS: ws://127.0.0.1:19451
[real-service] frontend: D:\jqtoolsWin1\netsdk\customer-sdk\frontend-build
D:\jqtoolsWin1\netsdk\customer-sdk\real-backend D:\jqtoolsWin1\netsdk\customer-sdk\real-backend\python\app\server.py D:\jqtoolsWin1\netsdk\customer-sdk\real-backend\python\app\server.py true false isPackaged
userData from env: string
false D:\jqtoolsWin1\netsdk\customer-sdk\real-backend app.isPackaged
{
  value: 'carAir',
  typeArr: [],
  optimalObj: {
    bed: { gauss: 2.6, color: 355, filter: 6, height: 2.02, coherent: 1 },
    car: { gauss: 2, color: 495, filter: 0, height: 3.36, coherent: 1 },
    endi: { gauss: 2, color: 495, filter: 0, height: 3.36, coherent: 1 },
    carAir: { gauss: 2, color: 495, filter: 0, height: 0.1, coherent: 1 }
  },
  maxObj: {
    bed: { gauss: 4, color: 2000, filter: 20, height: 8, coherent: 10 },
    car: { gauss: 4, color: 2000, filter: 20, height: 8, coherent: 10 },
    endi: { gauss: 4, color: 2000, filter: 20, height: 8, coherent: 10 },
    carAir: { gauss: 4, color: 2000, filter: 20, height: 8, coherent: 10 }
  }
}
D:\jqtoolsWin1\netsdk\customer-sdk\real-backend\server/../db/carAir.db
true
D:\jqtoolsWin1\netsdk\customer-sdk\real-backend\server D:\jqtoolsWin1\netsdk\customer-sdk\real-backend\server/../db __dirname
[real-service] serial service ready on port 19450
Example app listening on port 19450
